// Jest Snapshot v1, https://goo.gl/fbAQLP

exports[`CVEPageOverview should render with data 1`] = `
<Fragment>
  <GridItem>
    <Card>
      <CardBody>
        <Split>
          <SplitItem
            className="cve-header"
            isMain={true}
          >
            <WithLoader
              loading={false}
            >
              <Grid>
                <GridItem
                  span={1}
                >
                  Important
                </GridItem>
                <GridItem
                  span={11}
                >
                  <Title
                    size="xl"
                  >
                    CVE-2016-0800
                  </Title>
                </GridItem>
                <GridItem
                  span={1}
                />
                <GridItem
                  span={11}
                >
                  <Title
                    size="md"
                  >
                    CVSS Base Score: 
                  </Title>
                </GridItem>
              </Grid>
            </WithLoader>
          </SplitItem>
          <SplitItem>
            <Title
              size="md"
            >
              Publish Date: 
              1970-01-01 00:00:00
            </Title>
          </SplitItem>
        </Split>
      </CardBody>
    </Card>
  </GridItem>
  <Card
    className="cve-overview-card"
  >
    <CardBody>
      <Grid>
        <GridItem
          offset={2}
          span={8}
        >
          <Level
            style={
              Object {
                "textAlign": "center",
              }
            }
          >
            <LevelItem>
              <WithLoader
                loading={false}
                variant="cvePageOverviewItem"
              >
                <Stack>
                  <StackItem>
                    Important
                  </StackItem>
                  <StackItem>
                    Impact
                  </StackItem>
                </Stack>
              </WithLoader>
            </LevelItem>
            <LevelItem>
              <WithLoader
                loading={false}
                variant="cvePageOverviewItem"
              >
                <Stack>
                  <StackItem>
                    1970-01-01 00:00:00
                  </StackItem>
                  <StackItem>
                    Public Date
                  </StackItem>
                </Stack>
              </WithLoader>
            </LevelItem>
            <LevelItem>
              <WithLoader
                loading={false}
                variant="cvePageOverviewItem"
              >
                <Stack>
                  <StackItem />
                  <StackItem>
                    Reference
                  </StackItem>
                </Stack>
              </WithLoader>
            </LevelItem>
          </Level>
        </GridItem>
      </Grid>
    </CardBody>
  </Card>
</Fragment>
`;

exports[`CVEPageOverview should render with enabled WithLoader 1`] = `
<Fragment>
  <GridItem>
    <Card>
      <CardBody>
        <Split>
          <SplitItem
            className="cve-header"
            isMain={true}
          >
            <WithLoader
              loading={true}
            >
              <Grid>
                <GridItem
                  span={1}
                />
                <GridItem
                  span={11}
                >
                  <Title
                    size="xl"
                  >
                    CVE-2016-0800
                  </Title>
                </GridItem>
                <GridItem
                  span={1}
                />
                <GridItem
                  span={11}
                >
                  <Title
                    size="md"
                  >
                    CVSS Base Score: 
                  </Title>
                </GridItem>
              </Grid>
            </WithLoader>
          </SplitItem>
          <SplitItem>
            <Title
              size="md"
            >
              Publish Date: 
            </Title>
          </SplitItem>
        </Split>
      </CardBody>
    </Card>
  </GridItem>
  <Card
    className="cve-overview-card"
  >
    <CardBody>
      <Grid>
        <GridItem
          offset={2}
          span={8}
        >
          <Level
            style={
              Object {
                "textAlign": "center",
              }
            }
          >
            <LevelItem>
              <WithLoader
                loading={true}
                variant="cvePageOverviewItem"
              >
                <Stack>
                  <StackItem />
                  <StackItem>
                    Impact
                  </StackItem>
                </Stack>
              </WithLoader>
            </LevelItem>
            <LevelItem>
              <WithLoader
                loading={true}
                variant="cvePageOverviewItem"
              >
                <Stack>
                  <StackItem />
                  <StackItem>
                    Public Date
                  </StackItem>
                </Stack>
              </WithLoader>
            </LevelItem>
            <LevelItem>
              <WithLoader
                loading={true}
                variant="cvePageOverviewItem"
              >
                <Stack>
                  <StackItem />
                  <StackItem>
                    Reference
                  </StackItem>
                </Stack>
              </WithLoader>
            </LevelItem>
          </Level>
        </GridItem>
      </Grid>
    </CardBody>
  </Card>
</Fragment>
`;

exports[`CVEPageOverview should render without data 1`] = `
<Fragment>
  <GridItem>
    <Card>
      <CardBody>
        <Split>
          <SplitItem
            className="cve-header"
            isMain={true}
          >
            <WithLoader
              loading={false}
            >
              <Grid>
                <GridItem
                  span={1}
                />
                <GridItem
                  span={11}
                >
                  <Title
                    size="xl"
                  >
                    CVE-2016-0800
                  </Title>
                </GridItem>
                <GridItem
                  span={1}
                />
                <GridItem
                  span={11}
                >
                  <Title
                    size="md"
                  >
                    CVSS Base Score: 
                  </Title>
                </GridItem>
              </Grid>
            </WithLoader>
          </SplitItem>
          <SplitItem>
            <Title
              size="md"
            >
              Publish Date: 
            </Title>
          </SplitItem>
        </Split>
      </CardBody>
    </Card>
  </GridItem>
  <Card
    className="cve-overview-card"
  >
    <CardBody>
      <Grid>
        <GridItem
          offset={2}
          span={8}
        >
          <Level
            style={
              Object {
                "textAlign": "center",
              }
            }
          >
            <LevelItem>
              <WithLoader
                loading={false}
                variant="cvePageOverviewItem"
              >
                <Stack>
                  <StackItem />
                  <StackItem>
                    Impact
                  </StackItem>
                </Stack>
              </WithLoader>
            </LevelItem>
            <LevelItem>
              <WithLoader
                loading={false}
                variant="cvePageOverviewItem"
              >
                <Stack>
                  <StackItem />
                  <StackItem>
                    Public Date
                  </StackItem>
                </Stack>
              </WithLoader>
            </LevelItem>
            <LevelItem>
              <WithLoader
                loading={false}
                variant="cvePageOverviewItem"
              >
                <Stack>
                  <StackItem />
                  <StackItem>
                    Reference
                  </StackItem>
                </Stack>
              </WithLoader>
            </LevelItem>
          </Level>
        </GridItem>
      </Grid>
    </CardBody>
  </Card>
</Fragment>
`;
