// Jest Snapshot v1, https://goo.gl/fbAQLP

exports[`CVE details: Should render match snapshot 1`] = `
<ContextConsumer>
  <Component />
</ContextConsumer>
`;
